// Vitest Snapshot v1

exports[`λ-calculus Parser > consumes the entire input 1`] = `"expected EOF, got ;"`;

exports[`λ-calculus Parser > does not parse the empty string 1`] = `"unexpected EOF"`;
